{
 "total_js": 2572,
 "minified": 237,
 "minified_with_sourceMappingURL_comment": 7,
 "minified_with_sibling_dot_map": 0,
 "minified_with_existing_map_target": 0,
 "minified_no_map_at_all": 237,
 "by_module": {
  "js": 35,
  "docDeveloper": 21,
  "analytics": 18,
  "webEditors": 12,
  "uxBuilder": 11,
  "bacnet": 7,
  "tagdictionary": 7,
  "bajaScript": 5,
  "lonworks": 5,
  "videoDriver": 5,
  "xprotect": 5,
  "alarm": 4,
  "niagaraDriver": 4,
  "schedule": 4,
  "wiresheet": 4,
  "bajaui": 3,
  "batchJob": 3,
  "history": 3,
  "maxpro": 3,
  "modbusCore": 3,
  "nurio": 3,
  "platCrypto": 3,
  "provisioningNiagara": 3,
  "_bin-ext": 2,
  "bacnetAws": 2,
  "bql": 2,
  "cloudLink": 2,
  "email": 2,
  "gx": 2,
  "naxisVideo": 2,
  "nrio": 2,
  "rdb": 2,
  "report": 2,
  "saml": 2,
  "search": 2,
  "signingService": 2,
  "totpAuth": 2,
  "weather": 2,
  "webChart": 2,
  "_lib-inf-3p": 1,
  "ace": 1,
  "awsUtils": 1,
  "bajaux": 1,
  "ccn": 1,
  "cloudLinkForge": 1,
  "control": 1,
  "converters": 1,
  "dashboard": 1,
  "driver": 1,
  "export": 1,
  "hierarchy": 1,
  "httpClient": 1,
  "hx": 1,
  "jsonToolkit": 1,
  "kitControl": 1,
  "kitIo": 1,
  "kitPx": 1,
  "modbusAsync": 1,
  "modbusSlave": 1,
  "modbusTcp": 1,
  "modbusTcpSlave": 1,
  "ndriver": 1,
  "niagaraSystemIndex": 1,
  "nss": 1,
  "onCall": 1,
  "platDataRecovery": 1,
  "platform": 1,
  "rdbMySQL": 1,
  "rdbSqlServer": 1,
  "seriesTransform": 1,
  "smartTableHx": 1,
  "test": 1,
  "workbench": 1
 }
}
